# serializer version: 1
# name: test_browse_storage
  dict({
    'can_expand': True,
    'can_play': False,
    'can_search': False,
    'children': list([
      dict({
        'can_expand': False,
        'can_play': True,
        'can_search': False,
        'children_media_class': None,
        'media_class': <MediaClass.VIDEO: 'video'>,
        'media_content_type': <MediaType.VIDEO: 'video'>,
        'search_media_classes': None,
        'thumbnail': 'http://192.168.1.37/storage/0/hhhh8888/thumb_0008.jpg',
        'title': '2025-06-15 15:13:40 · motion_detected · 5s',
      }),
      dict({
        'can_expand': False,
        'can_play': True,
        'can_search': False,
        'children_media_class': None,
        'media_class': <MediaClass.VIDEO: 'video'>,
        'media_content_type': <MediaType.VIDEO: 'video'>,
        'search_media_classes': None,
        'thumbnail': 'http://192.168.1.37/storage/0/gggg7777/thumb_0007.jpg',
        'title': '2025-06-15 15:12:40 · manual · 20s',
      }),
      dict({
        'can_expand': False,
        'can_play': True,
        'can_search': False,
        'children_media_class': None,
        'media_class': <MediaClass.IMAGE: 'image'>,
        'media_content_type': <MediaType.IMAGE: 'image'>,
        'search_media_classes': None,
        'thumbnail': 'http://192.168.1.37/storage/0/ffff6666/thumb_0006.jpg',
        'title': '2025-06-15 15:11:40 · motion_detected',
      }),
      dict({
        'can_expand': False,
        'can_play': True,
        'can_search': False,
        'children_media_class': None,
        'media_class': <MediaClass.VIDEO: 'video'>,
        'media_content_type': <MediaType.VIDEO: 'video'>,
        'search_media_classes': None,
        'thumbnail': 'http://192.168.1.37/storage/0/eeee5555/thumb_0005.jpg',
        'title': '2025-06-15 15:10:40 · motion_detected · 8s',
      }),
      dict({
        'can_expand': False,
        'can_play': True,
        'can_search': False,
        'children_media_class': None,
        'media_class': <MediaClass.VIDEO: 'video'>,
        'media_content_type': <MediaType.VIDEO: 'video'>,
        'search_media_classes': None,
        'thumbnail': 'http://192.168.1.37/storage/0/dddd4444/thumb_0004.jpg',
        'title': '2025-06-15 15:09:40 · manual · 15s',
      }),
      dict({
        'can_expand': False,
        'can_play': True,
        'can_search': False,
        'children_media_class': None,
        'media_class': <MediaClass.IMAGE: 'image'>,
        'media_content_type': <MediaType.IMAGE: 'image'>,
        'search_media_classes': None,
        'thumbnail': 'http://192.168.1.37/storage/0/cccc3333/thumb_0003.jpg',
        'title': '2025-06-15 15:08:40 · manual',
      }),
      dict({
        'can_expand': False,
        'can_play': True,
        'can_search': False,
        'children_media_class': None,
        'media_class': <MediaClass.VIDEO: 'video'>,
        'media_content_type': <MediaType.VIDEO: 'video'>,
        'search_media_classes': None,
        'thumbnail': 'http://192.168.1.37/storage/0/bbbb2222/thumb_0002.jpg',
        'title': '2025-06-15 15:07:40 · motion_detected · 30s',
      }),
      dict({
        'can_expand': False,
        'can_play': True,
        'can_search': False,
        'children_media_class': None,
        'media_class': <MediaClass.VIDEO: 'video'>,
        'media_content_type': <MediaType.VIDEO: 'video'>,
        'search_media_classes': None,
        'thumbnail': 'http://192.168.1.37/storage/0/aaaa1111/thumb_0001.jpg',
        'title': '2025-06-15 15:06:40 · motion_detected · 12s',
      }),
    ]),
    'children_media_class': <MediaClass.DIRECTORY: 'directory'>,
    'media_class': <MediaClass.DIRECTORY: 'directory'>,
    'media_content_type': <MediaType.PLAYLIST: 'playlist'>,
    'not_shown': 0,
    'search_media_classes': None,
    'thumbnail': '/api/camera_proxy/camera.test_name_stream_0',
    'title': 'Test name',
  })
# ---
